linked : 57    read_Treatment_Update_Message 0273
linked : 56    normalStop 0306
linked : 55    emergencyStop 0326
skipped: 54    flush_Serial1 ----
linked : 53    checkCellPin 036B
linked : 52    recieve_Arduino_Version_Message 0469
skipped: 51    read_Arduino_Version ----
linked : 50    recieve_Cell_Version_Message 04F1
skipped: 49    read_Cell_Version ----
linked : 48    begin_Treatment 0558
linked : 47    request_Cell_Strength_Exist 05D7
linked : 46    request_Cell_Strength 05F5
skipped: 45    print_Setup_Message ----
linked : 44    read_Cell_Boot_Message 0613
linked : 43    read_cell_establishment 067F
linked : 42    read_Cell_Strength_Message 07B3
linked : 41    read_Cell_Message_Strength 0808
linked : 40    send_log_files 0876
linked : 39    start_Probe_Reintiation 08A1
linked : 38    start_Probe_Intiation 08BE
linked : 37    iniate_Probe_Connection 08DB
linked : 36    establishingConnectionReconnectEnabled 098D
linked : 35    read_Setup_Message 09AC
skipped: 34    init_Setup_Parameters ----
linked : 33    time_iterator_for_serin 0A11
linked : 32    check_Incoming_Serial 0A53
linked : 31    clear_RX_Buffer 0AF3
linked : 30    send_msg_rsvd 0B08
linked : 29    init_Serial_Comm 0B11
linked : 28    treatmentErrors 0B26
linked : 27    statusErrorDisplay 0C9B
linked : 26    tTempAddBuffer 0D3B
linked : 25    tTempMinusBuffer_02 0E13
linked : 24    tTempMinusBuffer 0E49
linked : 23    BtnNumber 0E72
linked : 22    utilitiesFormReset 0F54
linked : 21    formReset 11AB
linked : 20    displayCurrentTemp 1387
linked : 19    displayCoolDown 14CB
linked : 18    treatment_Stopped_Arduino 156C
linked : 17    fwrdBtn 156D
linked : 16    backBtn 157B
linked : 15    selectBtn 158B
skipped: 14    btnState ----
linked : 13    tempBtnHighlight 15CB
linked : 12    btnPressReset 1604
linked : 11    switchBtnPress 1613
linked : 10    btnPress 1644
linked : 9     btnPressAndRelease 165D
linked : 8     clearPin 1676
linked : 7     gotoCurrentForm 169E
linked : 6     getImgIndex 2DA7
linked : 5     touchEventHandler 3574
linked : 4     main 42D9
skipped: 3     PrintDiskUnicode ----
skipped: 2     PrintDisk ----
linked : 1     ledDigitsDisplay 44A0
